Command: /home/betul/Humboldt/HiWi/CASCADE/../cascade.venv/bin/CASCADE run -i /home/betul/Humboldt/HiWi/CASCADE/datasetExtraction/work/repositories/scipy/scipy -o /home/betul/Humboldt/HiWi/dataset/python/scipy/scipy/ed7a686f9887d8d3b349212fa0402bd15f671fcf/1 -c /home/betul/Humboldt/HiWi/CASCADE/configs/datasetExtraction/Python.json --filters \(0\,expected:yule\) --filters \(1\,expected:scipy/spatial/distance.py\) --filters \(2\,expected:yule\)

<unknown>:1: SyntaxWarning: invalid escape sequence '\l'
<unknown>:39: SyntaxWarning: invalid escape sequence '\s'
<unknown>:52: SyntaxWarning: invalid escape sequence '\s'
<unknown>:54: SyntaxWarning: invalid escape sequence '\s'
<unknown>:5: SyntaxWarning: invalid escape sequence '\s'
<unknown>:6: SyntaxWarning: invalid escape sequence '\s'
<unknown>:7: SyntaxWarning: invalid escape sequence '\s'
<unknown>:8: SyntaxWarning: invalid escape sequence '\d'
<unknown>:17: SyntaxWarning: invalid escape sequence '\p'
<unknown>:18: SyntaxWarning: invalid escape sequence '\p'
<unknown>:19: SyntaxWarning: invalid escape sequence '\p'
<unknown>:117: SyntaxWarning: invalid escape sequence '\s'
<unknown>:33: SyntaxWarning: invalid escape sequence '\s'
<unknown>:118: SyntaxWarning: invalid escape sequence '\s'
<unknown>:1: SyntaxWarning: invalid escape sequence '\m'
<unknown>:886: SyntaxWarning: invalid escape sequence '\o'
<unknown>:939: SyntaxWarning: invalid escape sequence '\o'
<unknown>:998: SyntaxWarning: invalid escape sequence '\o'
<unknown>:1070: SyntaxWarning: invalid escape sequence '\c'
<unknown>:488: SyntaxWarning: invalid escape sequence '\d'
<unknown>:1: SyntaxWarning: invalid escape sequence '\h'
<unknown>:1656: SyntaxWarning: invalid escape sequence '\c'
<unknown>:1660: SyntaxWarning: invalid escape sequence '\c'
<unknown>:1300: SyntaxWarning: invalid escape sequence '\s'
<unknown>:1386: SyntaxWarning: invalid escape sequence '\s'
<unknown>:1144: SyntaxWarning: invalid escape sequence '\p'
<unknown>:340: SyntaxWarning: invalid escape sequence '\p'
<unknown>:94: SyntaxWarning: invalid escape sequence '\s'
<unknown>:930: SyntaxWarning: invalid escape sequence '\l'
<unknown>:935: SyntaxWarning: invalid escape sequence '\l'
<unknown>:568: SyntaxWarning: invalid escape sequence '\*'
<unknown>:626: SyntaxWarning: invalid escape sequence '\*'
<unknown>:1003: SyntaxWarning: invalid escape sequence '\d'
<unknown>:46: SyntaxWarning: invalid escape sequence '\G'
<unknown>:681: SyntaxWarning: invalid escape sequence '\s'
<unknown>:687: SyntaxWarning: invalid escape sequence '\s'
<unknown>:831: SyntaxWarning: invalid escape sequence '\s'
<unknown>:704: SyntaxWarning: invalid escape sequence '\s'
<unknown>:770: SyntaxWarning: invalid escape sequence '\s'
<unknown>:826: SyntaxWarning: invalid escape sequence '\s'
<unknown>:887: SyntaxWarning: invalid escape sequence '\s'
<unknown>:949: SyntaxWarning: invalid escape sequence '\s'
<unknown>:1000: SyntaxWarning: invalid escape sequence '\s'
<unknown>:58: SyntaxWarning: invalid escape sequence '\*'
<unknown>:76: SyntaxWarning: invalid escape sequence '\s'
<unknown>:91: SyntaxWarning: invalid escape sequence '\s'
<unknown>:130: SyntaxWarning: invalid escape sequence '\s'
Extraction started
Extraction finished. Extracted:  3846
Filtering started
Filtering finished. Remaining:  1
Analysis started
Analysis finished
