Command: /home/betul/Humboldt/HiWi/CASCADE/../cascade.venv/bin/CASCADE run -i /home/betul/Humboldt/HiWi/CASCADE/datasetExtraction/work/repositories/numpy/numpy -o /home/betul/Humboldt/HiWi/dataset/python/numpy/numpy/c159cb078b4069ba8fdeddedb0ee7f01dd0656d2/1 -c /home/betul/Humboldt/HiWi/CASCADE/configs/datasetExtraction/Python.json --filters \(0\,expected:average\) --filters \(1\,expected:numpy/ma/extras.py\) --filters \(2\,expected:average\)

<unknown>:1: SyntaxWarning: invalid escape sequence '\l'
<unknown>:160: SyntaxWarning: invalid escape sequence '\P'
<unknown>:161: SyntaxWarning: invalid escape sequence '\P'
<unknown>:162: SyntaxWarning: invalid escape sequence '\P'
<unknown>:163: SyntaxWarning: invalid escape sequence '\P'
<unknown>:416: SyntaxWarning: invalid escape sequence '\s'
<unknown>:97: SyntaxWarning: invalid escape sequence '\.'
<unknown>:124: SyntaxWarning: invalid escape sequence '\s'
<unknown>:125: SyntaxWarning: invalid escape sequence '\s'
<unknown>:19: SyntaxWarning: invalid escape sequence '\p'
<unknown>:20: SyntaxWarning: invalid escape sequence '\p'
<unknown>:21: SyntaxWarning: invalid escape sequence '\p'
<unknown>:2: SyntaxWarning: invalid escape sequence '\i'
<unknown>:3569: SyntaxWarning: invalid escape sequence '\*'
<unknown>:1001: SyntaxWarning: invalid escape sequence '\s'
<unknown>:1647: SyntaxWarning: invalid escape sequence '\i'
<unknown>:1716: SyntaxWarning: invalid escape sequence '\e'
<unknown>:1004: SyntaxWarning: invalid escape sequence '\s'
<unknown>:1650: SyntaxWarning: invalid escape sequence '\i'
<unknown>:1719: SyntaxWarning: invalid escape sequence '\e'
<unknown>:1041: SyntaxWarning: invalid escape sequence '\s'
<unknown>:1240: SyntaxWarning: invalid escape sequence '\s'
<unknown>:1869: SyntaxWarning: invalid escape sequence '\s'
<unknown>:1914: SyntaxWarning: invalid escape sequence '\s'
<unknown>:1004: SyntaxWarning: invalid escape sequence '\s'
<unknown>:1648: SyntaxWarning: invalid escape sequence '\i'
<unknown>:1713: SyntaxWarning: invalid escape sequence '\i'
<unknown>:459: SyntaxWarning: invalid escape sequence '\d'
<unknown>:1844: SyntaxWarning: invalid escape sequence '\_'
<unknown>:16: SyntaxWarning: invalid escape sequence '\$'
<unknown>:448: SyntaxWarning: invalid escape sequence '\S'
<unknown>:96: SyntaxWarning: invalid escape sequence '\,'
<unknown>:128: SyntaxWarning: invalid escape sequence '\>'
<unknown>:129: SyntaxWarning: invalid escape sequence '\<'
<unknown>:134: SyntaxWarning: invalid escape sequence '\,'
<unknown>:67: SyntaxWarning: invalid escape sequence '\d'
<unknown>:96: SyntaxWarning: invalid escape sequence '\d'
<unknown>:499: SyntaxWarning: invalid escape sequence '\s'
<unknown>:39: SyntaxWarning: invalid escape sequence '\d'
<unknown>:19: SyntaxWarning: invalid escape sequence '\-'
<unknown>:14: SyntaxWarning: invalid escape sequence '\s'
<unknown>:62: SyntaxWarning: invalid escape sequence '\s'
<unknown>:193: SyntaxWarning: invalid escape sequence '\('
<unknown>:791: SyntaxWarning: invalid escape sequence '\w'
<unknown>:497: SyntaxWarning: invalid escape sequence '\s'
<unknown>:501: SyntaxWarning: invalid escape sequence '\w'
<unknown>:502: SyntaxWarning: invalid escape sequence '\s'
<unknown>:510: SyntaxWarning: invalid escape sequence '\w'
<unknown>:512: SyntaxWarning: invalid escape sequence '\s'
<unknown>:513: SyntaxWarning: invalid escape sequence '\w'
<unknown>:513: SyntaxWarning: invalid escape sequence '\w'
<unknown>:523: SyntaxWarning: invalid escape sequence '\s'
<unknown>:524: SyntaxWarning: invalid escape sequence '\s'
<unknown>:299: SyntaxWarning: invalid escape sequence '\|'
Extraction started
Extraction finished. Extracted:  2880
Filtering started
Filtering finished. Remaining:  1
Analysis started
Analysis finished
