Command: /home/betul/Humboldt/HiWi/CASCADE/../cascade.venv/bin/CASCADE run -i /home/betul/Humboldt/HiWi/CASCADE/datasetExtraction/work/repositories/scipy/scipy -o /home/betul/Humboldt/HiWi/dataset/python/scipy/scipy/00f06223697031e02a971a45c10573830aaf6c6e/1 -c /home/betul/Humboldt/HiWi/CASCADE/configs/datasetExtraction/Python.json --filters \(0\,expected:ricker\) --filters \(1\,expected:scipy/signal/wavelets.py\) --filters \(2\,expected:ricker\)

<unknown>:1: SyntaxWarning: invalid escape sequence '\l'
<unknown>:5: SyntaxWarning: invalid escape sequence '\s'
<unknown>:6: SyntaxWarning: invalid escape sequence '\s'
<unknown>:7: SyntaxWarning: invalid escape sequence '\s'
<unknown>:8: SyntaxWarning: invalid escape sequence '\d'
<unknown>:17: SyntaxWarning: invalid escape sequence '\p'
<unknown>:18: SyntaxWarning: invalid escape sequence '\p'
<unknown>:19: SyntaxWarning: invalid escape sequence '\p'
<unknown>:117: SyntaxWarning: invalid escape sequence '\s'
<unknown>:32: SyntaxWarning: invalid escape sequence '\s'
<unknown>:117: SyntaxWarning: invalid escape sequence '\s'
<unknown>:1: SyntaxWarning: invalid escape sequence '\m'
<unknown>:488: SyntaxWarning: invalid escape sequence '\d'
<unknown>:1: SyntaxWarning: invalid escape sequence '\h'
<unknown>:1657: SyntaxWarning: invalid escape sequence '\c'
<unknown>:1661: SyntaxWarning: invalid escape sequence '\c'
<unknown>:1252: SyntaxWarning: invalid escape sequence '\s'
<unknown>:1338: SyntaxWarning: invalid escape sequence '\s'
<unknown>:1125: SyntaxWarning: invalid escape sequence '\p'
<unknown>:292: SyntaxWarning: invalid escape sequence '\p'
<unknown>:93: SyntaxWarning: invalid escape sequence '\s'
<unknown>:550: SyntaxWarning: invalid escape sequence '\*'
<unknown>:617: SyntaxWarning: invalid escape sequence '\*'
<unknown>:998: SyntaxWarning: invalid escape sequence '\d'
<unknown>:46: SyntaxWarning: invalid escape sequence '\G'
<unknown>:675: SyntaxWarning: invalid escape sequence '\s'
<unknown>:681: SyntaxWarning: invalid escape sequence '\s'
<unknown>:825: SyntaxWarning: invalid escape sequence '\s'
<unknown>:58: SyntaxWarning: invalid escape sequence '\*'
<unknown>:76: SyntaxWarning: invalid escape sequence '\s'
<unknown>:91: SyntaxWarning: invalid escape sequence '\s'
<unknown>:130: SyntaxWarning: invalid escape sequence '\s'
Extraction started
Extraction finished. Extracted:  3789
Filtering started
Filtering finished. Remaining:  1
Analysis started
Analysis finished
