Command: /home/betul/Humboldt/HiWi/CASCADE/../cascade.venv/bin/CASCADE run -i /home/betul/Humboldt/HiWi/CASCADE/datasetExtraction/work/repositories/scipy/scipy -o /home/betul/Humboldt/HiWi/dataset/python/scipy/scipy/132cbcbb9ec093f743ddafc21c21dbded7aebeb5/1 -c /home/betul/Humboldt/HiWi/CASCADE/configs/datasetExtraction/Python.json --filters \(0\,expected:svds\) --filters \(1\,expected:scipy/sparse/linalg/eigen/arpack/arpack.py\) --filters \(2\,expected:svds\)

<unknown>:1: SyntaxWarning: invalid escape sequence '\l'
<unknown>:49: SyntaxWarning: invalid escape sequence '\s'
<unknown>:517: SyntaxWarning: invalid escape sequence '\w'
<unknown>:518: SyntaxWarning: invalid escape sequence '\w'
<unknown>:519: SyntaxWarning: invalid escape sequence '\)'
<unknown>:43: SyntaxWarning: invalid escape sequence '\d'
<unknown>:52: SyntaxWarning: invalid escape sequence '\s'
<unknown>:54: SyntaxWarning: invalid escape sequence '\s'
<unknown>:5: SyntaxWarning: invalid escape sequence '\s'
<unknown>:6: SyntaxWarning: invalid escape sequence '\s'
<unknown>:7: SyntaxWarning: invalid escape sequence '\s'
<unknown>:8: SyntaxWarning: invalid escape sequence '\d'
<unknown>:17: SyntaxWarning: invalid escape sequence '\p'
<unknown>:18: SyntaxWarning: invalid escape sequence '\p'
<unknown>:19: SyntaxWarning: invalid escape sequence '\p'
<unknown>:33: SyntaxWarning: invalid escape sequence '\s'
<unknown>:141: SyntaxWarning: invalid escape sequence '\s'
<unknown>:1: SyntaxWarning: invalid escape sequence '\m'
<unknown>:280: SyntaxWarning: invalid escape sequence '\%'
<unknown>:520: SyntaxWarning: invalid escape sequence '\%'
<unknown>:1568: SyntaxWarning: invalid escape sequence '\o'
<unknown>:1621: SyntaxWarning: invalid escape sequence '\o'
<unknown>:1680: SyntaxWarning: invalid escape sequence '\o'
<unknown>:1752: SyntaxWarning: invalid escape sequence '\c'
<unknown>:502: SyntaxWarning: invalid escape sequence '\s'
<unknown>:631: SyntaxWarning: invalid escape sequence '\p'
<unknown>:771: SyntaxWarning: invalid escape sequence '\d'
<unknown>:488: SyntaxWarning: invalid escape sequence '\d'
<unknown>:1: SyntaxWarning: invalid escape sequence '\h'
<unknown>:1694: SyntaxWarning: invalid escape sequence '\c'
<unknown>:1698: SyntaxWarning: invalid escape sequence '\c'
<unknown>:1404: SyntaxWarning: invalid escape sequence '\s'
<unknown>:1490: SyntaxWarning: invalid escape sequence '\s'
<unknown>:1149: SyntaxWarning: invalid escape sequence '\p'
<unknown>:334: SyntaxWarning: invalid escape sequence '\i'
<unknown>:414: SyntaxWarning: invalid escape sequence '\p'
<unknown>:212: SyntaxWarning: invalid escape sequence '\ '
<unknown>:217: SyntaxWarning: invalid escape sequence '\m'
<unknown>:312: SyntaxWarning: invalid escape sequence '\k'
<unknown>:1186: SyntaxWarning: invalid escape sequence '\l'
<unknown>:1033: SyntaxWarning: invalid escape sequence '\s'
<unknown>:3316: SyntaxWarning: invalid escape sequence '\o'
<unknown>:1046: SyntaxWarning: invalid escape sequence '\m'
<unknown>:568: SyntaxWarning: invalid escape sequence '\*'
<unknown>:626: SyntaxWarning: invalid escape sequence '\*'
<unknown>:14: SyntaxWarning: invalid escape sequence '\m'
<unknown>:1006: SyntaxWarning: invalid escape sequence '\d'
<unknown>:46: SyntaxWarning: invalid escape sequence '\G'
<unknown>:692: SyntaxWarning: invalid escape sequence '\s'
<unknown>:698: SyntaxWarning: invalid escape sequence '\s'
<unknown>:842: SyntaxWarning: invalid escape sequence '\s'
<unknown>:627: SyntaxWarning: invalid escape sequence '\s'
<unknown>:662: SyntaxWarning: invalid escape sequence '\s'
<unknown>:741: SyntaxWarning: invalid escape sequence '\m'
<unknown>:1307: SyntaxWarning: invalid escape sequence '\s'
<unknown>:58: SyntaxWarning: invalid escape sequence '\*'
<unknown>:62: SyntaxWarning: invalid escape sequence '\s'
<unknown>:91: SyntaxWarning: invalid escape sequence '\s'
<unknown>:130: SyntaxWarning: invalid escape sequence '\s'
Extraction started
Extraction finished. Extracted:  4214
Filtering started
Filtering finished. Remaining:  1
Analysis started
Analysis finished
