Command: /home/betul/Humboldt/HiWi/CASCADE/../cascade.venv/bin/CASCADE run -i /home/betul/Humboldt/HiWi/CASCADE/datasetExtraction/work/repositories/numpy/numpy -o /home/betul/Humboldt/HiWi/dataset/python/numpy/numpy/88cf0e4f6d722b12f2d57e3acb6452d6a015cc93/1 -c /home/betul/Humboldt/HiWi/CASCADE/configs/datasetExtraction/Python.json --filters \(0\,expected:tensorinv\) --filters \(1\,expected:numpy/linalg/linalg.py\) --filters \(2\,expected:tensorinv\)

<unknown>:1: SyntaxWarning: invalid escape sequence '\l'
<unknown>:163: SyntaxWarning: invalid escape sequence '\P'
<unknown>:164: SyntaxWarning: invalid escape sequence '\P'
<unknown>:165: SyntaxWarning: invalid escape sequence '\P'
<unknown>:166: SyntaxWarning: invalid escape sequence '\P'
<unknown>:167: SyntaxWarning: invalid escape sequence '\P'
<unknown>:421: SyntaxWarning: invalid escape sequence '\s'
<unknown>:97: SyntaxWarning: invalid escape sequence '\.'
<unknown>:124: SyntaxWarning: invalid escape sequence '\s'
<unknown>:125: SyntaxWarning: invalid escape sequence '\s'
<unknown>:19: SyntaxWarning: invalid escape sequence '\p'
<unknown>:20: SyntaxWarning: invalid escape sequence '\p'
<unknown>:21: SyntaxWarning: invalid escape sequence '\p'
<unknown>:2: SyntaxWarning: invalid escape sequence '\i'
<unknown>:3587: SyntaxWarning: invalid escape sequence '\*'
<unknown>:1002: SyntaxWarning: invalid escape sequence '\s'
<unknown>:1648: SyntaxWarning: invalid escape sequence '\i'
<unknown>:1717: SyntaxWarning: invalid escape sequence '\e'
<unknown>:1005: SyntaxWarning: invalid escape sequence '\s'
<unknown>:1651: SyntaxWarning: invalid escape sequence '\i'
<unknown>:1720: SyntaxWarning: invalid escape sequence '\e'
<unknown>:1042: SyntaxWarning: invalid escape sequence '\s'
<unknown>:1241: SyntaxWarning: invalid escape sequence '\s'
<unknown>:1870: SyntaxWarning: invalid escape sequence '\s'
<unknown>:1915: SyntaxWarning: invalid escape sequence '\s'
<unknown>:1005: SyntaxWarning: invalid escape sequence '\s'
<unknown>:1649: SyntaxWarning: invalid escape sequence '\i'
<unknown>:1714: SyntaxWarning: invalid escape sequence '\i'
<unknown>:484: SyntaxWarning: invalid escape sequence '\d'
<unknown>:1844: SyntaxWarning: invalid escape sequence '\_'
<unknown>:16: SyntaxWarning: invalid escape sequence '\$'
<unknown>:448: SyntaxWarning: invalid escape sequence '\S'
<unknown>:96: SyntaxWarning: invalid escape sequence '\,'
<unknown>:128: SyntaxWarning: invalid escape sequence '\>'
<unknown>:129: SyntaxWarning: invalid escape sequence '\<'
<unknown>:134: SyntaxWarning: invalid escape sequence '\,'
<unknown>:67: SyntaxWarning: invalid escape sequence '\d'
<unknown>:96: SyntaxWarning: invalid escape sequence '\d'
<unknown>:499: SyntaxWarning: invalid escape sequence '\s'
<unknown>:39: SyntaxWarning: invalid escape sequence '\d'
<unknown>:19: SyntaxWarning: invalid escape sequence '\-'
<unknown>:14: SyntaxWarning: invalid escape sequence '\s'
<unknown>:62: SyntaxWarning: invalid escape sequence '\s'
<unknown>:193: SyntaxWarning: invalid escape sequence '\('
<unknown>:791: SyntaxWarning: invalid escape sequence '\w'
<unknown>:497: SyntaxWarning: invalid escape sequence '\s'
<unknown>:501: SyntaxWarning: invalid escape sequence '\w'
<unknown>:502: SyntaxWarning: invalid escape sequence '\s'
<unknown>:510: SyntaxWarning: invalid escape sequence '\w'
<unknown>:512: SyntaxWarning: invalid escape sequence '\s'
<unknown>:513: SyntaxWarning: invalid escape sequence '\w'
<unknown>:513: SyntaxWarning: invalid escape sequence '\w'
<unknown>:523: SyntaxWarning: invalid escape sequence '\s'
<unknown>:524: SyntaxWarning: invalid escape sequence '\s'
<unknown>:299: SyntaxWarning: invalid escape sequence '\|'
Extraction started
Extraction finished. Extracted:  2983
Filtering started
Filtering finished. Remaining:  1
Analysis started
Analysis finished
