Command: /home/betul/Humboldt/HiWi/CASCADE/../cascade.venv/bin/CASCADE run -i /home/betul/Humboldt/HiWi/CASCADE/datasetExtraction/work/repositories/statsmodels/statsmodels -o /home/betul/Humboldt/HiWi/dataset/python/statsmodels/statsmodels/e0c85c58e6fbe4819b4004f06b7edeac1f157f7d/1 -c /home/betul/Humboldt/HiWi/CASCADE/configs/datasetExtraction/Python.json --filters \(0\,expected:ztest_ind\) --filters \(1\,expected:statsmodels/stats/weightstats.py\) --filters \(2\,expected:CompareMeans.ztest_ind\)

<unknown>:151: SyntaxWarning: invalid escape sequence '\d'
<unknown>:2: SyntaxWarning: invalid escape sequence '\['
<unknown>:171: SyntaxWarning: invalid escape sequence '\s'
<unknown>:473: SyntaxWarning: invalid escape sequence '\s'
<unknown>:508: SyntaxWarning: invalid escape sequence '\g'
<unknown>:55: SyntaxWarning: invalid escape sequence '\['
<unknown>:56: SyntaxWarning: invalid escape sequence '\['
<unknown>:57: SyntaxWarning: invalid escape sequence '\.'
<unknown>:58: SyntaxWarning: invalid escape sequence '\-'
<unknown>:269: SyntaxWarning: invalid escape sequence '\w'
<unknown>:309: SyntaxWarning: invalid escape sequence '\*'
<unknown>:427: SyntaxWarning: invalid escape sequence '\*'
<unknown>:45: SyntaxWarning: invalid escape sequence '\p'
<unknown>:45: SyntaxWarning: invalid escape sequence '\p'
<unknown>:129: SyntaxWarning: invalid escape sequence '\d'
<unknown>:130: SyntaxWarning: invalid escape sequence '\d'
<unknown>:133: SyntaxWarning: invalid escape sequence '\d'
<unknown>:3: SyntaxWarning: invalid escape sequence '\('
<unknown>:131: SyntaxWarning: invalid escape sequence '\P'
<unknown>:83: SyntaxWarning: invalid escape sequence '\$'
<unknown>:89: SyntaxWarning: invalid escape sequence '\$'
<unknown>:113: SyntaxWarning: invalid escape sequence '\j'
<unknown>:168: SyntaxWarning: invalid escape sequence '\P'
<unknown>:337: SyntaxWarning: invalid escape sequence '\P'
<unknown>:750: SyntaxWarning: invalid escape sequence '\P'
<unknown>:47: SyntaxWarning: invalid escape sequence '\j'
<unknown>:108: SyntaxWarning: invalid escape sequence '\J'
<unknown>:123: SyntaxWarning: invalid escape sequence '\s'
<unknown>:388: SyntaxWarning: invalid escape sequence '\ '
<unknown>:26: SyntaxWarning: invalid escape sequence '\l'
<unknown>:71: SyntaxWarning: invalid escape sequence '\l'
<unknown>:279: SyntaxWarning: invalid escape sequence '\l'
<unknown>:310: SyntaxWarning: invalid escape sequence '\i'
<unknown>:458: SyntaxWarning: invalid escape sequence '\s'
<unknown>:281: SyntaxWarning: invalid escape sequence '\s'
<unknown>:604: SyntaxWarning: invalid escape sequence '\s'
<unknown>:675: SyntaxWarning: invalid escape sequence '\&'
<unknown>:417: SyntaxWarning: invalid escape sequence '\h'
<unknown>:375: SyntaxWarning: invalid escape sequence '\S'
<unknown>:942: SyntaxWarning: invalid escape sequence '\l'
<unknown>:1567: SyntaxWarning: invalid escape sequence '\m'
<unknown>:193: SyntaxWarning: invalid escape sequence '\|'
<unknown>:214: SyntaxWarning: invalid escape sequence '\|'
<unknown>:236: SyntaxWarning: invalid escape sequence '\|'
<unknown>:289: SyntaxWarning: invalid escape sequence '\|'
<unknown>:307: SyntaxWarning: invalid escape sequence '\|'
<unknown>:326: SyntaxWarning: invalid escape sequence '\|'
<unknown>:384: SyntaxWarning: invalid escape sequence '\|'
<unknown>:407: SyntaxWarning: invalid escape sequence '\|'
<unknown>:431: SyntaxWarning: invalid escape sequence '\|'
<unknown>:493: SyntaxWarning: invalid escape sequence '\|'
<unknown>:514: SyntaxWarning: invalid escape sequence '\|'
<unknown>:537: SyntaxWarning: invalid escape sequence '\|'
<unknown>:604: SyntaxWarning: invalid escape sequence '\|'
<unknown>:634: SyntaxWarning: invalid escape sequence '\|'
<unknown>:666: SyntaxWarning: invalid escape sequence '\|'
<unknown>:728: SyntaxWarning: invalid escape sequence '\|'
<unknown>:747: SyntaxWarning: invalid escape sequence '\|'
<unknown>:771: SyntaxWarning: invalid escape sequence '\|'
<unknown>:183: SyntaxWarning: invalid escape sequence '\|'
<unknown>:95: SyntaxWarning: invalid escape sequence '\('
<unknown>:36: SyntaxWarning: invalid escape sequence '\e'
<unknown>:1867: SyntaxWarning: invalid escape sequence '\d'
<unknown>:469: SyntaxWarning: invalid escape sequence '\e'
<unknown>:508: SyntaxWarning: invalid escape sequence '\*'
<unknown>:567: SyntaxWarning: invalid escape sequence '\*'
<unknown>:1065: SyntaxWarning: invalid escape sequence '\D'
<unknown>:1067: SyntaxWarning: invalid escape sequence '\D'
<unknown>:1072: SyntaxWarning: invalid escape sequence '\D'
<unknown>:1075: SyntaxWarning: invalid escape sequence '\D'
<unknown>:120: SyntaxWarning: invalid escape sequence '\w'
<unknown>:623: SyntaxWarning: invalid escape sequence '\P'
<unknown>:682: SyntaxWarning: invalid escape sequence '\m'
<unknown>:1376: SyntaxWarning: invalid escape sequence '\s'
<unknown>:35: SyntaxWarning: invalid escape sequence '\l'
<unknown>:115: SyntaxWarning: invalid escape sequence '\d'
<unknown>:117: SyntaxWarning: invalid escape sequence '\d'
<unknown>:128: SyntaxWarning: invalid escape sequence '\d'
<unknown>:882: SyntaxWarning: invalid escape sequence '\%'
<unknown>:55: SyntaxWarning: invalid escape sequence '\s'
<unknown>:283: SyntaxWarning: invalid escape sequence '\j'
<unknown>:1: SyntaxWarning: invalid escape sequence '\.'
<unknown>:269: SyntaxWarning: invalid escape sequence '\J'
<unknown>:33: SyntaxWarning: invalid escape sequence '\l'
<unknown>:72: SyntaxWarning: invalid escape sequence '\g'
<unknown>:196: SyntaxWarning: invalid escape sequence '\l'
<unknown>:32: SyntaxWarning: invalid escape sequence '\J'
<unknown>:130: SyntaxWarning: invalid escape sequence '\.'
<unknown>:162: SyntaxWarning: invalid escape sequence '\.'
<unknown>:192: SyntaxWarning: invalid escape sequence '\.'
<unknown>:2: SyntaxWarning: invalid escape sequence '\e'
<unknown>:2: SyntaxWarning: invalid escape sequence '\e'
<unknown>:47: SyntaxWarning: invalid escape sequence '\&'
<unknown>:672: SyntaxWarning: invalid escape sequence '\.'
<unknown>:163: SyntaxWarning: invalid escape sequence '\P'
<unknown>:60: SyntaxWarning: invalid escape sequence '\J'
<unknown>:955: SyntaxWarning: invalid escape sequence '\m'
<unknown>:362: SyntaxWarning: invalid escape sequence '\l'
<unknown>:211: SyntaxWarning: invalid escape sequence '\m'
<unknown>:1: SyntaxWarning: invalid escape sequence '\d'
<unknown>:85: SyntaxWarning: invalid escape sequence '\s'
<unknown>:229: SyntaxWarning: invalid escape sequence '\m'
<unknown>:541: SyntaxWarning: invalid escape sequence '\s'
<unknown>:1: SyntaxWarning: invalid escape sequence '\J'
<unknown>:1: SyntaxWarning: invalid escape sequence '\s'
<unknown>:15: SyntaxWarning: invalid escape sequence '\s'
<unknown>:27: SyntaxWarning: invalid escape sequence '\s'
<unknown>:876: SyntaxWarning: invalid escape sequence '\l'
<unknown>:1566: SyntaxWarning: invalid escape sequence '\l'
<unknown>:2885: SyntaxWarning: invalid escape sequence '\p'
<unknown>:196: SyntaxWarning: invalid escape sequence '\D'
<unknown>:228: SyntaxWarning: invalid escape sequence '\D'
Extraction started
Extraction finished. Extracted:  3878
Filtering started
Filtering finished. Remaining:  1
Analysis started
Analysis finished
