Command: /home/betul/Humboldt/HiWi/CASCADE/../cascade.venv/bin/CASCADE run -i /home/betul/Humboldt/HiWi/CASCADE/datasetExtraction/work/repositories/scipy/scipy -o /home/betul/Humboldt/HiWi/dataset/python/scipy/scipy/a8248a9a06e85be84dc9ade77012b0abbe77112b/1 -c /home/betul/Humboldt/HiWi/CASCADE/configs/datasetExtraction/Python.json --filters \(0\,expected:min\) --filters \(1\,expected:scipy/sparse/data.py\) --filters \(2\,expected:_minmax_mixin.min\)

<unknown>:1: SyntaxWarning: invalid escape sequence '\l'
<unknown>:49: SyntaxWarning: invalid escape sequence '\s'
<unknown>:12: SyntaxWarning: invalid escape sequence '\l'
<unknown>:72: SyntaxWarning: invalid escape sequence '\s'
<unknown>:112: SyntaxWarning: invalid escape sequence '\s'
<unknown>:154: SyntaxWarning: invalid escape sequence '\l'
<unknown>:198: SyntaxWarning: invalid escape sequence '\l'
<unknown>:278: SyntaxWarning: invalid escape sequence '\i'
<unknown>:319: SyntaxWarning: invalid escape sequence '\s'
<unknown>:368: SyntaxWarning: invalid escape sequence '\s'
<unknown>:414: SyntaxWarning: invalid escape sequence '\s'
<unknown>:462: SyntaxWarning: invalid escape sequence '\s'
<unknown>:508: SyntaxWarning: invalid escape sequence '\l'
<unknown>:551: SyntaxWarning: invalid escape sequence '\c'
<unknown>:14: SyntaxWarning: invalid escape sequence '\l'
<unknown>:57: SyntaxWarning: invalid escape sequence '\s'
<unknown>:105: SyntaxWarning: invalid escape sequence '\s'
<unknown>:144: SyntaxWarning: invalid escape sequence '\s'
<unknown>:230: SyntaxWarning: invalid escape sequence '\l'
<unknown>:277: SyntaxWarning: invalid escape sequence '\s'
<unknown>:330: SyntaxWarning: invalid escape sequence '\s'
<unknown>:374: SyntaxWarning: invalid escape sequence '\l'
<unknown>:418: SyntaxWarning: invalid escape sequence '\l'
<unknown>:459: SyntaxWarning: invalid escape sequence '\l'
<unknown>:500: SyntaxWarning: invalid escape sequence '\s'
<unknown>:558: SyntaxWarning: invalid escape sequence '\i'
<unknown>:50: SyntaxWarning: invalid escape sequence '\s'
<unknown>:11: SyntaxWarning: invalid escape sequence '\s'
<unknown>:52: SyntaxWarning: invalid escape sequence '\i'
<unknown>:93: SyntaxWarning: invalid escape sequence '\s'
<unknown>:557: SyntaxWarning: invalid escape sequence '\w'
<unknown>:558: SyntaxWarning: invalid escape sequence '\w'
<unknown>:559: SyntaxWarning: invalid escape sequence '\)'
<unknown>:82: SyntaxWarning: invalid escape sequence '\('
<unknown>:43: SyntaxWarning: invalid escape sequence '\d'
<unknown>:149: SyntaxWarning: invalid escape sequence '\s'
<unknown>:52: SyntaxWarning: invalid escape sequence '\s'
<unknown>:54: SyntaxWarning: invalid escape sequence '\s'
<unknown>:5: SyntaxWarning: invalid escape sequence '\s'
<unknown>:6: SyntaxWarning: invalid escape sequence '\s'
<unknown>:7: SyntaxWarning: invalid escape sequence '\s'
<unknown>:8: SyntaxWarning: invalid escape sequence '\d'
<unknown>:17: SyntaxWarning: invalid escape sequence '\p'
<unknown>:18: SyntaxWarning: invalid escape sequence '\p'
<unknown>:19: SyntaxWarning: invalid escape sequence '\p'
<unknown>:354: SyntaxWarning: invalid escape sequence '\p'
<unknown>:214: SyntaxWarning: invalid escape sequence '\p'
Extraction started
Extraction finished. Extracted:  4630
Filtering started
Filtering finished. Remaining:  1
Analysis started
Analysis finished
